// Vitest Snapshot v1, https://vitest.dev/guide/snapshot.html

exports[`renders correctly 1`] = `
<DocumentFragment>
  <div
    class="sc-kfPrBu jjqhfs"
  >
    <div
      class="sc-fKVpSb fcphcK"
    />
    <div
      class="sc-fKVpSb djnuCR"
    />
    <div
      class="sc-fKVpSb dvDDCQ"
    />
    <div
      class="sc-fKVpSb jMftDz"
    />
    <div
      class="sc-fKVpSb hEhSMX"
    />
  </div>
  <div
    class="sc-bdvvNz hPwInu"
  >
    <div
      class="sc-dlVxDp ckZvBU"
    >
      <div
        class="sc-gsDLFA eqwcO"
      >
        <div
          class="sc-dkPvMp iFfkgd"
        >
          <div
            class="sc-gKckfV bdEwmo"
          >
            <h1
              class="sc-hKwAaq bEOgtj"
            >
              <span
                class="sc-iCfMpq bUfrAH"
              >
                |
              </span>
            </h1>
            <p
              class="sc-jRQzZg ihIiai"
            >
              Front End Developer, Building and Maintaining React Apps
            </p>
            <p
              class="sc-jRQzZg iGtRDw"
            >
              Building reusable interfaces and component libraries in close collaboration with Back End Engineers and Designers — as a solo Front End Developer or within high-velocity Agile teams — pair programming with humans and Claude.ai
            </p>
          </div>
          <a
            aria-label="GitHub profile"
            href="https://github.com/punchjay"
            rel="noopener noreferrer"
            target="_blank"
          >
            <img
              alt="Jay Gibble GitHub profile photo"
              class="sc-eCIkhf fKPrVl"
              src="/src/AppData/Img/profile.png"
              title="Jay Gibble GitHub profile photo"
            />
          </a>
        </div>
      </div>
    </div>
    <div
      class="sc-dlVxDp cXwqgM"
    >
      <div
        class="sc-gsDLFA eqwcO"
      >
        <h1
          class="sc-hKwAaq bEOgtj"
        >
          Tools & Stuff
        </h1>
        <div
          class="sc-furwwf bHGnLH"
        >
          <div
            class="sc-kDTkih efMCyo"
          >
            <a
              aria-label="React"
              href="https://react.dev"
              rel="noopener noreferrer"
              target="_blank"
            >
              <img
                alt="React"
                class="sc-jrQAHW flbIzN"
                loading="lazy"
                src="/src/AppData/Img/react.png"
              />
            </a>
            <span
              class="sc-pVTZz icOOvW"
            >
              React
            </span>
          </div>
          <div
            class="sc-kDTkih efMCyo"
          >
            <a
              aria-label="Styled Components"
              href="https://styled-components.com"
              rel="noopener noreferrer"
              target="_blank"
            >
              <img
                alt="Styled Components"
                class="sc-jrQAHW flbIzN"
                loading="lazy"
                src="/src/AppData/Img/styled.png"
              />
            </a>
            <span
              class="sc-pVTZz icOOvW"
            >
              Styled Components
            </span>
          </div>
          <div
            class="sc-kDTkih efMCyo"
          >
            <a
              aria-label="Git"
              href="https://git-scm.com"
              rel="noopener noreferrer"
              target="_blank"
            >
              <img
                alt="Git"
                class="sc-jrQAHW flbIzN"
                loading="lazy"
                src="/src/AppData/Img/git.png"
              />
            </a>
            <span
              class="sc-pVTZz icOOvW"
            >
              Git
            </span>
          </div>
          <div
            class="sc-kDTkih efMCyo"
          >
            <a
              aria-label="VS Code"
              href="https://code.visualstudio.com"
              rel="noopener noreferrer"
              target="_blank"
            >
              <img
                alt="VS Code"
                class="sc-jrQAHW flbIzN"
                loading="lazy"
                src="/src/AppData/Img/vscode.png"
              />
            </a>
            <span
              class="sc-pVTZz icOOvW"
            >
              VS Code
            </span>
          </div>
          <div
            class="sc-kDTkih efMCyo"
          >
            <a
              aria-label=".Net"
              href="https://dotnet.microsoft.com"
              rel="noopener noreferrer"
              target="_blank"
            >
              <img
                alt=".Net"
                class="sc-jrQAHW flbIzN"
                loading="lazy"
                src="/src/AppData/Img/net.png"
              />
            </a>
            <span
              class="sc-pVTZz icOOvW"
            >
              .Net
            </span>
          </div>
          <div
            class="sc-kDTkih efMCyo"
          >
            <a
              aria-label="Azure"
              href="https://azure.microsoft.com"
              rel="noopener noreferrer"
              target="_blank"
            >
              <img
                alt="Azure"
                class="sc-jrQAHW flbIzN"
                loading="lazy"
                src="/src/AppData/Img/azure.png"
              />
            </a>
            <span
              class="sc-pVTZz icOOvW"
            >
              Azure
            </span>
          </div>
          <div
            class="sc-kDTkih efMCyo"
          >
            <a
              aria-label="Claude.ai"
              href="https://claude.ai"
              rel="noopener noreferrer"
              target="_blank"
            >
              <img
                alt="Claude.ai"
                class="sc-jrQAHW flbIzN"
                loading="lazy"
                src="/src/AppData/Img/claude.png"
              />
            </a>
            <span
              class="sc-pVTZz icOOvW"
            >
              Claude.ai
            </span>
          </div>
          <div
            class="sc-kDTkih efMCyo"
          >
            <a
              aria-label="Figma"
              href="https://figma.com"
              rel="noopener noreferrer"
              target="_blank"
            >
              <img
                alt="Figma"
                class="sc-jrQAHW flbIzN"
                loading="lazy"
                src="/src/AppData/Img/figma.png"
              />
            </a>
            <span
              class="sc-pVTZz icOOvW"
            >
              Figma
            </span>
          </div>
        </div>
        <p
          class="sc-jRQzZg iGtRDw"
        >
          My stack includes React, Styled Components, Git, Azure, SQL, and MongoDB. I work closely with Figma for design handoffs, write thorough tests, and use Claude.ai as a pair programming partner to move faster and think sharper.
        </p>
      </div>
    </div>
    <div
      class="sc-dlVxDp ckZvBU"
    >
      <div
        class="sc-gsDLFA eqwcO"
      >
        <h1
          class="sc-hKwAaq bEOgtj"
        >
          Projects
        </h1>
        <div
          class="sc-furwwf bHGnLH"
        >
          <img
            alt="Xbox"
            class="sc-jrQAHW sc-iqshrI sc-fotPOC flbIzN hRShAs fUCJqi"
            loading="lazy"
            src="/src/AppData/Img/xbox-ss.png"
            title="Xbox"
          />
          <img
            alt="JCrew"
            class="sc-jrQAHW sc-iqshrI sc-fotPOC flbIzN hRShAs fUCJqi"
            loading="lazy"
            src="/src/AppData/Img/jcrew-ss.png"
            title="JCrew"
          />
          <img
            alt="Second Step Dashboard"
            class="sc-jrQAHW sc-iqshrI sc-fotPOC flbIzN hRShAs fUCJqi"
            loading="lazy"
            src="/src/AppData/Img/secs02-ss.png"
            title="Second Step Dashboard"
          />
          <img
            alt="Agilent"
            class="sc-jrQAHW sc-iqshrI sc-fotPOC flbIzN hRShAs fUCJqi"
            loading="lazy"
            src="/src/AppData/Img/ion-ss.png"
            title="Agilent"
          />
        </div>
        <p
          class="sc-jRQzZg iGtRDw"
        >
          Projects available upon request.
        </p>
      </div>
    </div>
    <p
      class="sc-ieecgm BsiKu"
    >
      © 2026 Denova LLC | 
      <a
        class="sc-bkkiih fVyFru"
        href="mailto:punchjay@gmail.com?subject=Hello!"
      >
        Get in touch
      </a>
      <a
        class="sc-bkkiih fVyFru"
        href="https://github.com/punchjay"
        rel="noopener noreferrer"
        target="_blank"
      >
        <img
          alt="GitHub profile"
          class="sc-fFejRA enuzrv"
          loading="lazy"
          src="/src/AppData/Img/github-icon.png"
          title="GitHub profile"
        />
      </a>
    </p>
  </div>
</DocumentFragment>
`;
