// Vitest Snapshot v1, https://vitest.dev/guide/snapshot.html

exports[`renders correctly 1`] = `
<DocumentFragment>
  <div
    class="sc-bdDsCe fQhgAv"
  >
    <h1
      class="sc-dkXsAU gJMsgz"
    >
      Projects
    </h1>
    <div
      class="sc-gtcBCx eCIMgc"
    >
      <img
        alt="Xbox"
        class="sc-hKVpXn sc-eCQgVK sc-kEbgWM hlatc vVabQ ikfGFD"
        loading="lazy"
        src="/denova-app/src/AppData/Img/xbox-ss.png"
        title="Xbox"
      />
      <img
        alt="JCrew"
        class="sc-hKVpXn sc-eCQgVK sc-kEbgWM hlatc vVabQ ikfGFD"
        loading="lazy"
        src="/denova-app/src/AppData/Img/jcrew-ss.png"
        title="JCrew"
      />
      <img
        alt="Second Step Dashboard"
        class="sc-hKVpXn sc-eCQgVK sc-kEbgWM hlatc vVabQ ikfGFD"
        loading="lazy"
        src="/denova-app/src/AppData/Img/secs02-ss.png"
        title="Second Step Dashboard"
      />
      <img
        alt="Agilent"
        class="sc-hKVpXn sc-eCQgVK sc-kEbgWM hlatc vVabQ ikfGFD"
        loading="lazy"
        src="/denova-app/src/AppData/Img/ion-ss.png"
        title="Agilent"
      />
    </div>
    <p
      class="sc-jrIDTr cPoZyg"
    >
      Projects available upon request.
    </p>
  </div>
</DocumentFragment>
`;
