// Vitest Snapshot v1, https://vitest.dev/guide/snapshot.html

exports[`renders correctly 1`] = `
<DocumentFragment>
  <div
    class="sc-bdvwhi kaYvzi"
  >
    <h1
      class="sc-dkPwfY kXCYCg"
    >
      Projects
    </h1>
    <div
      class="sc-gsDMPd fOtwIY"
    >
      <img
        alt="Xbox"
        class="sc-hKwBjT sc-eCIkAO sc-kDTkBQ iJiEWL goVxCz kEFzJp"
        loading="lazy"
        src="/src/AppData/Img/xbox-ss.png"
        title="Xbox"
      />
      <img
        alt="JCrew"
        class="sc-hKwBjT sc-eCIkAO sc-kDTkBQ iJiEWL goVxCz kEFzJp"
        loading="lazy"
        src="/src/AppData/Img/jcrew-ss.png"
        title="JCrew"
      />
      <img
        alt="Second Step Dashboard"
        class="sc-hKwBjT sc-eCIkAO sc-kDTkBQ iJiEWL goVxCz kEFzJp"
        loading="lazy"
        src="/src/AppData/Img/secs02-ss.png"
        title="Second Step Dashboard"
      />
      <img
        alt="Agilent"
        class="sc-hKwBjT sc-eCIkAO sc-kDTkBQ iJiEWL goVxCz kEFzJp"
        loading="lazy"
        src="/src/AppData/Img/ion-ss.png"
        title="Agilent"
      />
    </div>
    <p
      class="sc-jrQAon idwrIu"
    >
      Projects available upon request.
    </p>
  </div>
</DocumentFragment>
`;
