// Vitest Snapshot v1, https://vitest.dev/guide/snapshot.html

exports[`renders correctly 1`] = `
<DocumentFragment>
  <div
    class="sc-bdDsCe fQhgAv"
  >
    <div
      class="sc-gtcBCx gxxDVl"
    >
      <div
        class="sc-jSppWd kXhDsj"
      >
        <h1
          class="sc-dkXsAU gJMsgz"
        >
          <span
            class="sc-gKkgUA ifTBmS"
          >
            |
          </span>
        </h1>
        <p
          class="sc-eCQgVK hOQbwI"
        >
          Front End Developer, Building and Maintaining React Apps
        </p>
        <p
          class="sc-eCQgVK hqkgne"
        >
          Building reusable interfaces and component libraries in close collaboration with Back End Engineers and Designers — as a solo Front End Developer or within high-velocity Agile teams — pair programming with humans and Claude.ai
        </p>
      </div>
      <a
        aria-label="GitHub profile"
        href="https://github.com/punchjay"
        rel="noopener noreferrer"
        target="_blank"
      >
        <img
          alt="Jay Gibble GitHub profile photo"
          class="sc-hKVpXn kVjrLR"
          src="/src/AppData/Img/profile.png"
          title="Jay Gibble GitHub profile photo"
        />
      </a>
    </div>
  </div>
</DocumentFragment>
`;
