// Vitest Snapshot v1, https://vitest.dev/guide/snapshot.html

exports[`renders correctly 1`] = `
<DocumentFragment>
  <p
    class="sc-dkPvMp fAwhMi"
  >
    © 2026 Denova LLC | 
    <a
      class="sc-gsDLFA cufwBn"
      href="mailto:punchjay@gmail.com?subject=Hello!"
    >
      Get in touch
    </a>
    <a
      class="sc-gsDLFA cufwBn"
      href="https://github.com/punchjay"
      rel="noopener noreferrer"
      target="_blank"
    >
      <img
        alt="GitHub profile"
        class="sc-bdvvNz gNAsjd"
        loading="lazy"
        src="/src/AppData/Img/github-icon.png"
        title="GitHub profile"
      />
    </a>
  </p>
</DocumentFragment>
`;
