// Vitest Snapshot v1, https://vitest.dev/guide/snapshot.html

exports[`renders correctly 1`] = `
<DocumentFragment>
  <div
    class="sc-bdfDLd dlgErt"
  >
    <img
      alt="Loading"
      class="sc-gsTDHW flcqiB"
      src="/denova-app/src/AppData/Img/gear.png"
      title="Loading"
    />
    <p
      class="sc-dlfnOL jpkFQp"
    >
      Loading...
    </p>
  </div>
</DocumentFragment>
`;
