// Vitest Snapshot v1, https://vitest.dev/guide/snapshot.html

exports[`renders correctly 1`] = `
<DocumentFragment>
  <div
    class="sc-bdvwhi gElmyo"
  >
    <img
      alt="Loading"
      class="sc-gsDMPd kyMQsI"
      src="/src/AppData/Img/gear.png"
      title="Loading"
    />
    <p
      class="sc-dkPwfY cThpYy"
    >
      Loading...
    </p>
  </div>
</DocumentFragment>
`;
