// Vitest Snapshot v1, https://vitest.dev/guide/snapshot.html

exports[`renders correctly 1`] = `
<DocumentFragment>
  <div
    class="sc-gKckzE bjlpvq"
  >
    <div
      class="sc-iCfNyT jJsciO"
    />
    <div
      class="sc-iCfNyT dgcuWp"
    />
    <div
      class="sc-iCfNyT fkHJWo"
    />
    <div
      class="sc-iCfNyT hvpnYb"
    />
    <div
      class="sc-iCfNyT hAMZLj"
    />
  </div>
  <div
    class="sc-bdvwhi gLLiNb"
  >
    <div
      class="sc-jRQBiJ jdoMRL"
    >
      <div
        class="sc-gsDMPd kqglLp"
      >
        <h1
          class="sc-hKwBjT sc-eCIkAO kZXPxT kjuRVr"
        >
          404
        </h1>
        <a
          class="sc-dkPwfY gYTHqZ"
          data-discover="true"
          href="/"
        >
          ← Back to home
        </a>
      </div>
    </div>
  </div>
</DocumentFragment>
`;
