// Vitest Snapshot v1, https://vitest.dev/guide/snapshot.html

exports[`renders correctly 1`] = `
<DocumentFragment>
  <div
    class="sc-gLfMdy gffjTW"
  >
    <div
      class="sc-iBIXdp dhgKQh"
    />
    <div
      class="sc-iBIXdp bPSYXu"
    />
    <div
      class="sc-iBIXdp eSJiAr"
    />
    <div
      class="sc-iBIXdp dbXIHk"
    />
    <div
      class="sc-iBIXdp jYwXrw"
    />
  </div>
  <div
    class="sc-bcHNtg gvZoLv"
  >
    <div
      class="sc-jTkVfb kzGiYa"
    >
      <div
        class="sc-gsMGyr dbzeKP"
      >
        <h1
          class="sc-hLllbt sc-eDgbZQ izkZtj iUwwGU"
        >
          404
        </h1>
        <a
          class="sc-dkHxwO ffHvHX"
          data-discover="true"
          href="/"
        >
          ← Back to home
        </a>
      </div>
    </div>
  </div>
</DocumentFragment>
`;
