// Vitest Snapshot v1, https://vitest.dev/guide/snapshot.html

exports[`renders correctly 1`] = `
<DocumentFragment>
  <div
    class="sc-bdvwhi jCfDDL"
  >
    <div
      class="sc-gsDMPd houYUw"
    />
    <div
      class="sc-gsDMPd ChRQX"
    />
    <div
      class="sc-gsDMPd gXWXgq"
    />
    <div
      class="sc-gsDMPd ArfsN"
    />
    <div
      class="sc-gsDMPd lfoaMJ"
    />
  </div>
</DocumentFragment>
`;
