// Vitest Snapshot v1, https://vitest.dev/guide/snapshot.html

exports[`renders correctly 1`] = `
<DocumentFragment>
  <div
    class="sc-bdvvNz bxPPOC"
  >
    <div
      class="sc-gsDLFA dyZMRH"
    />
    <div
      class="sc-gsDLFA ExYDw"
    />
    <div
      class="sc-gsDLFA dPeqzx"
    />
    <div
      class="sc-gsDLFA fyUAtW"
    />
    <div
      class="sc-gsDLFA jZTYqi"
    />
  </div>
</DocumentFragment>
`;
